<one>
OSEE_LINK(AAABFOH1hzYBxyFeS_7gYA)
</one>
<two>
OSEE_LINK(AAABFOH1hzYBxyFeS_7gYA)
</two>