This is a text file that is meant for testing. 


This line should be seen
