<Body>
	<Header>This is a header</Header>
	<p>This xml file is to test BlockApplicability</p>
	<p>Most text is fine to see</p
	</Body> 